
D:\code>set NODE_HOME=D:\code\toolbox\wntx64\nodejs\4.2.0 

D:\code>set PATH=C:\ProgramData\Oracle\Java\javapath;C:\Windows\system32;C:\Windows;C:\Windows\System32\Wbem;C:\Windows\System32\WindowsPowerShell\v1.0\;D:\code\toolbox\wntx64\nodejs\4.2.0;D:\code\toolbox\wntx64\nodejs\4.2.0;D:\code\toolbox\wntx64\nodejs\4.2.0;D:\code\toolbox\wntx64\nodejs\4.2.0;D:\code\toolbox\wntx64\nodejs\4.2.0;D:\code\toolbox\wntx64\nodejs\4.2.0;D:\code\toolbox\wntx64\nodejs\4.2.0;D:\code\toolbox\wntx64\nodejs\4.2.0;D:\code\toolbox\wntx64\nodejs\4.2.0;D:\code\toolbox\wntx64\nodejs\4.2.0;D:\code\toolbox\wntx64\nodejs\4.2.0;D:\code\toolbox\wntx64\nodejs\4.2.0;D:\code\toolbox\wntx64\nodejs\4.2.0;D:\code\toolbox\wntx64\nodejs\4.2.0;D:\code\toolbox\wntx64\nodejs\4.2.0;D:\code\toolbox\wntx64\nodejs\4.2.0;D:\code\toolbox\wntx64\nodejs\4.2.0;D:\code\toolbox\wntx64\nodejs\4.2.0;D:\code\toolbox\wntx64\nodejs\4.2.0;D:\code\toolbox\wntx64\nodejs\4.2.0;D:\code\toolbox\wntx64\nodejs\4.2.0;D:\code\toolbox\wntx64\nodejs\4.2.0;D:\code\toolbox\wntx64\nodejs\4.2.0;D:\code\toolbox\wntx64\nodejs\4.2.0;D:\code\toolbox\wntx64\nodejs\4.2.0;D:\code\toolbox\wntx64\nodejs\4.2.0;D:\code\toolbox\wntx64\nodejs\4.2.0;D:\code\toolbox\wntx64\nodejs\4.2.0;D:\code\toolbox\wntx64\nodejs\4.2.0;D:\code\toolbox\wntx64\nodejs\4.2.0;D:\code\toolbox\wntx64\nodejs\4.2.0;D:\code\toolbox\wntx64\nodejs\4.2.0;D:\code\toolbox\wntx64\nodejs\4.2.0;D:\code\toolbox\wntx64\nodejs\4.2.0;D:\code\toolbox\wntx64\nodejs\4.2.0;D:\code\toolbox\wntx64\nodejs\4.2.0;D:\code\toolbox\wntx64\nodejs\4.2.0;D:\code\toolbox\wntx64\nodejs\4.2.0;D:\code\toolbox\wntx64\nodejs\4.2.0;D:\code\toolbox\wntx64\nodejs\4.2.0;D:\code\toolbox\wntx64\nodejs\4.2.0;D:\code\toolbox\wntx64\nodejs\4.2.0;D:\code\toolbox\wntx64\nodejs\4.2.0;D:\code\toolbox\wntx64\nodejs\4.2.0;D:\code\toolbox\wntx64\nodejs\4.2.0;D:\code\toolbox\wntx64\nodejs\4.2.0;D:\code\toolbox\wntx64\nodejs\4.2.0;D:\code\toolbox\wntx64\nodejs\4.2.0;D:\code\toolbox\wntx64\nodejs\4.2.0;D:\code\toolbox\wntx64\nodejs\4.2.0;D:\code\toolbox\wntx64\nodejs\4.2.0;D:\code\toolbox\wntx64\nodejs\4.2.0;D:\code\toolbox\wntx64\nodejs\4.2.0;D:\code\toolbox\wntx64\nodejs\4.2.0 

D:\code>cd /d D:\code 

D:\code>node xmltojsonwithasync.js --jobname=AW33_Tc1123_ORACLE_J2EE_Full 
{ '4G Foundation in AW': [ 'occmgmt4gd' ],
  '4GBOM in AW': [ 'aw4gbom' ],
  'Active Content Experience': [ 'ace' ],
  'SDPD - Analysis Request': 
   [ 'attrtargetmgmt',
     'systemsynthesismodeling',
     'analysisrequest' ],
  'Active Collaboration': [ 'socialcollab' ],
  'App DM Client': [ 'docmgmt' ],
  'CAD Services': [ 'mcadintegration' ],
  'Change Management': [ 'change', 'csi' ],
  Classification: [ 'classification', 'libraryMgmt' ],
  'Client Framework': [ 'cfx' ],
  'DPV Client': [ 'dpv' ],
  'In-Context Change': [ 'incontextchange' ],
  MRO: [ 'servicemanager' ],
  'Next Generation Planning': [ 'ng' ],
  'NX Hosting': [ 'nxhosted' ],
  'Program Planning': [ 'programplanningapp', 'programPlanning' ],
  Reports: [ 'reports' ],
  'Retail Footwear and Apparel': [ 'retail' ],
  'Schedule Management': 
   [ 'prgplanningeventchange',
     'prgschedulemanager',
     'programchange',
     'schedulemanager' ],
  'SDPD - Relations Browser': [ 'relations' ],
  'SDPD - Requirement Management': [ 'requirements' ],
  'SDPD - System Modeler': [ 'architecture' ],
  'SDPD - System Modeler Authoring': [ 'systemauthoring', 'systemModeler' ],
  Search: [ 'search' ],
  Security: [ 'security' ],
  'Subscription and Notification': [ 'notifications', 'subscription' ],
  'Substance Compliance': 
   [ 'materialmgmtaw',
     'vm1vendormanagementaw',
     'subscmplaw',
     'imdsintegrationaw' ],
  'Teamcenter for Simulation': [ 'tcsim' ],
  'User Management': [ 'usermanagement' ],
  Workflow: [ 'workflow' ],
  Visualization: [ 'viewer' ] }
[ { team: 'Teamcenter for Simulation',
    director: 'Thomas Pohlman',
    scrummaster: 'Rohit Pande',
    owner: 'Rohit Pande',
    pass: 317,
    fail: 147,
    total: 464,
    passper: '68.32' },
  { team: 'Client Framework',
    director: 'Tony DeLuca',
    scrummaster: 'Shashank Pande',
    owner: 'Shashank Pande',
    pass: 343,
    fail: 8,
    total: 351,
    passper: '97.72' },
  { team: 'Active Content Experience',
    director: 'Nikhil Kelkar',
    scrummaster: 'Madhav Choudhary',
    owner: 'Madhav Choudhary',
    pass: 245,
    fail: 31,
    total: 276,
    passper: '88.77' },
  { team: 'Search',
    director: 'Tony DeLuca',
    scrummaster: 'Devesh Jainer',
    owner: 'Devesh Jainer',
    pass: 206,
    fail: 62,
    total: 268,
    passper: '76.87' },
  { team: 'SDPD - System Modeler',
    director: 'Andy Mitchell',
    scrummaster: 'Amar Deshmukh',
    owner: 'Amar Deshmukh',
    pass: 65,
    fail: 139,
    total: 204,
    passper: '31.86' },
  { team: 'SDPD - Analysis Request',
    director: 'Andy Mitchell',
    scrummaster: 'Albino Teixeira Pereira',
    owner: 'Albino Teixeira Pereira',
    pass: 110,
    fail: 30,
    total: 140,
    passper: '78.57' },
  { team: 'Schedule Management',
    director: 'Andy Mitchell',
    scrummaster: 'Srinivas Kulkarni',
    owner: 'Srinivas Kulkarni',
    pass: 116,
    fail: 1,
    total: 117,
    passper: '99.15' },
  { team: 'Retail Footwear and Apparel',
    director: 'Tony DeLuca',
    scrummaster: 'Saurabh Kumar',
    owner: 'Saurabh Kumar',
    pass: 104,
    fail: 11,
    total: 115,
    passper: '90.43' },
  { team: '4G Foundation in AW',
    director: 'Nikhil Kelkar',
    scrummaster: 'Jayesh Kotak',
    owner: 'Jayesh Kotak',
    pass: 50,
    fail: 60,
    total: 110,
    passper: '45.45' },
  { team: 'Workflow',
    director: 'Andy Mitchell',
    scrummaster: 'Atish Das',
    owner: 'Atish Das',
    pass: 89,
    fail: 6,
    total: 95,
    passper: '93.68' },
  { team: 'Classification',
    director: 'Tony DeLuca',
    scrummaster: 'Lalit Chiplonkar',
    owner: 'Lalit Chiplonkar',
    pass: 62,
    fail: 29,
    total: 91,
    passper: '68.13' },
  { team: 'SDPD - Requirement Management',
    director: 'Andy Mitchell',
    scrummaster: 'Parul Bishnoi',
    owner: 'Parul Bishnoi',
    pass: 79,
    fail: 3,
    total: 82,
    passper: '96.34' },
  { team: 'SDPD - Relations Browser',
    director: 'Andy Mitchell',
    scrummaster: 'Larry McKernan',
    owner: 'Larry McKernan',
    pass: 31,
    fail: 47,
    total: 78,
    passper: '39.74' },
  { team: 'Change Management',
    director: 'Andy Mitchell',
    scrummaster: 'Jeff Comley',
    owner: 'Jeff Comley',
    pass: 69,
    fail: 8,
    total: 77,
    passper: '89.61' },
  { team: '4GBOM in AW',
    director: 'Nikhil Kelkar',
    scrummaster: 'Laxmidhar Dalvi',
    owner: 'Laxmidhar Dalvi',
    pass: 11,
    fail: 59,
    total: 70,
    passper: '15.71' },
  { team: 'SDPD - System Modeler Authoring',
    director: 'Andy Mitchell',
    scrummaster: 'Amar Deshmukh',
    owner: 'Amar Deshmukh',
    pass: 0,
    fail: 51,
    total: 51,
    passper: '0.00' },
  { team: 'Substance Compliance',
    director: 'Tony DeLuca',
    scrummaster: 'Mukund Kale',
    owner: 'Mukund Kale',
    pass: 40,
    fail: 8,
    total: 48,
    passper: '83.33' },
  { team: 'Program Planning',
    director: 'Andy Mitchell',
    scrummaster: 'Srinivas Kulkarni',
    owner: 'Srinivas Kulkarni',
    pass: 34,
    fail: 12,
    total: 46,
    passper: '73.91' },
  { team: 'Subscription and Notification',
    director: 'Tony DeLuca',
    scrummaster: 'Jenica Mehta',
    owner: 'Jenica Mehta',
    pass: 29,
    fail: 4,
    total: 33,
    passper: '87.88' },
  { team: 'MRO',
    director: 'Andy Mitchell',
    scrummaster: 'Jeff Comley',
    owner: 'Jeff Comley',
    pass: 28,
    fail: 4,
    total: 32,
    passper: '87.50' },
  { team: 'Active Collaboration',
    director: 'Andy Mitchell',
    scrummaster: 'David Scholly',
    owner: 'David Scholly',
    pass: 9,
    fail: 1,
    total: 10,
    passper: '90.00' },
  { team: 'In-Context Change',
    director: 'Nikhil Kelkar',
    scrummaster: 'Jayesh Kotak',
    owner: 'Jayesh Kotak',
    pass: 1,
    fail: 4,
    total: 5,
    passper: '20.00' },
  { team: 'CAD Services',
    director: 'Tony DeLuca',
    scrummaster: 'Bala Subramani',
    owner: 'Bala Subramani',
    pass: 0,
    fail: 2,
    total: 2,
    passper: '0.00' },
  { team: 'User Management',
    director: 'Nikhil Kelkar',
    scrummaster: 'Makarand Khekale',
    owner: 'Makarand Khekale',
    pass: 0,
    fail: 2,
    total: 2,
    passper: '0.00' },
  { team: 'NX Hosting',
    director: 'Sanjay Guduru',
    scrummaster: 'Panchu Palaniappan',
    owner: 'Panchu Palaniappan',
    pass: 0,
    fail: 1,
    total: 1,
    passper: '0.00' },
  { team: 'Total',
    pass: 2092,
    fail: 730,
    total: 2822,
    passper: '74.13' } ]
AW33_0131_Tc1123_1205c - 1: Data already exists, not saving the data to db
